// Vitest Snapshot v1

exports[`App testing > should be mounted 1`] = `
"<div>
  <div></div><pre>[
  \\"one\\",
  \\"two\\"
]</pre>
</div>"
`;
